// Jest Snapshot v1, https://goo.gl/fbAQLP

exports[`Navbar renders correctly 1`] = `
Object {
  "asFragment": [Function],
  "baseElement": <body>
    <div>
      <header>
        <nav>
          <div>
            <a
              aria-current="page"
              class="active"
              href="/"
            >
              <img
                alt="logo"
                src="planet.png"
              />
            </a>
            <a
              aria-current="page"
              class="active"
              href="/"
            >
              <h1>
                Space Travelers' Hub
              </h1>
            </a>
          </div>
          <ul>
            <li>
               
              <a
                aria-current="page"
                class="active"
                href="/"
              >
                Rockets
              </a>
            </li>
            <li>
               
              <a
                href="/Missions"
              >
                Missions
              </a>
            </li>
            |
            <li>
              <a
                href="/My Profile"
              >
                My Profile
              </a>
            </li>
          </ul>
        </nav>
        <hr />
      </header>
    </div>
  </body>,
  "container": <div>
    <header>
      <nav>
        <div>
          <a
            aria-current="page"
            class="active"
            href="/"
          >
            <img
              alt="logo"
              src="planet.png"
            />
          </a>
          <a
            aria-current="page"
            class="active"
            href="/"
          >
            <h1>
              Space Travelers' Hub
            </h1>
          </a>
        </div>
        <ul>
          <li>
             
            <a
              aria-current="page"
              class="active"
              href="/"
            >
              Rockets
            </a>
          </li>
          <li>
             
            <a
              href="/Missions"
            >
              Missions
            </a>
          </li>
          |
          <li>
            <a
              href="/My Profile"
            >
              My Profile
            </a>
          </li>
        </ul>
      </nav>
      <hr />
    </header>
  </div>,
  "debug": [Function],
  "findAllByAltText": [Function],
  "findAllByDisplayValue": [Function],
  "findAllByLabelText": [Function],
  "findAllByPlaceholderText": [Function],
  "findAllByRole": [Function],
  "findAllByTestId": [Function],
  "findAllByText": [Function],
  "findAllByTitle": [Function],
  "findByAltText": [Function],
  "findByDisplayValue": [Function],
  "findByLabelText": [Function],
  "findByPlaceholderText": [Function],
  "findByRole": [Function],
  "findByTestId": [Function],
  "findByText": [Function],
  "findByTitle": [Function],
  "getAllByAltText": [Function],
  "getAllByDisplayValue": [Function],
  "getAllByLabelText": [Function],
  "getAllByPlaceholderText": [Function],
  "getAllByRole": [Function],
  "getAllByTestId": [Function],
  "getAllByText": [Function],
  "getAllByTitle": [Function],
  "getByAltText": [Function],
  "getByDisplayValue": [Function],
  "getByLabelText": [Function],
  "getByPlaceholderText": [Function],
  "getByRole": [Function],
  "getByTestId": [Function],
  "getByText": [Function],
  "getByTitle": [Function],
  "queryAllByAltText": [Function],
  "queryAllByDisplayValue": [Function],
  "queryAllByLabelText": [Function],
  "queryAllByPlaceholderText": [Function],
  "queryAllByRole": [Function],
  "queryAllByTestId": [Function],
  "queryAllByText": [Function],
  "queryAllByTitle": [Function],
  "queryByAltText": [Function],
  "queryByDisplayValue": [Function],
  "queryByLabelText": [Function],
  "queryByPlaceholderText": [Function],
  "queryByRole": [Function],
  "queryByTestId": [Function],
  "queryByText": [Function],
  "queryByTitle": [Function],
  "rerender": [Function],
  "unmount": [Function],
}
`;
